// Jest Snapshot v1, https://goo.gl/fbAQLP

exports[`<DisplayItem /> should match the snapshot 1`] = `
<div>
  <div
    class="displayItem"
  >
    <span
      class="displayItem__name"
    >
      Hello
    </span>
    <button
      class="primary"
    >
      Test
    </button>
  </div>
</div>
`;

exports[`<DisplayItem /> should render elements: Hello 1`] = `undefined`;

exports[`<DisplayItem /> should render elements: Test 1`] = `undefined`;
